CHECK:INVALID_UTF8: Invalid UTF-8, patch and commit message should be encoded in UTF-8
#31: 
> make[2]: Entrando no diretório `/usr/src/linux-2.4.19/drivers/ide'
                            ^

CHECK:INVALID_UTF8: Invalid UTF-8, patch and commit message should be encoded in UTF-8
#33: 
> make[3]: Entrando no diretório `/usr/src/linux-2.4.19/drivers/ide'
                            ^

CHECK:INVALID_UTF8: Invalid UTF-8, patch and commit message should be encoded in UTF-8
#39: 
> ld: cannot open pci/idedriver-pci.o: Arquivo ou diretório não encontrado
                                                       ^

WARNING:TYPO_SPELLING: 'Erro' may be misspelled - perhaps 'Error'?
#40: 
> make[3]: ** [idedriver.o] Erro 1
                            ^^^^

Some words may have been misspelled.  Consider reviewing them.

CHECK:INVALID_UTF8: Invalid UTF-8, patch and commit message should be encoded in UTF-8
#41: 
> make[3]: Saindo do diretório `/usr/src/linux-2.4.19/drivers/ide'
                          ^

WARNING:TYPO_SPELLING: 'Erro' may be misspelled - perhaps 'Error'?
#42: 
> make[2]: ** [first_rule] Erro 2
                           ^^^^

CHECK:INVALID_UTF8: Invalid UTF-8, patch and commit message should be encoded in UTF-8
#43: 
> make[2]: Saindo do diretório `/usr/src/linux-2.4.19/drivers/ide'
                          ^

WARNING:TYPO_SPELLING: 'Erro' may be misspelled - perhaps 'Error'?
#44: 
> make[1]: ** [_subdir_ide] Erro 2
                            ^^^^

CHECK:INVALID_UTF8: Invalid UTF-8, patch and commit message should be encoded in UTF-8
#45: 
> make[1]: Saindo do diretório `/usr/src/linux-2.4.19/drivers'
                          ^

WARNING:TYPO_SPELLING: 'Erro' may be misspelled - perhaps 'Error'?
#46: 
> make: ** [_dir_drivers] Erro 2
                          ^^^^

WARNING:PATCH_PREFIX: patch prefix 'drivers' exists, appears to be a -p0 patch

./tmp.EfiDkiSq0Q//home/fedora/lkml-analysis/lkml/0/patch.offset.0000437279.commit.8e73d15569f5a0577a8fa73f87817b476f68864f total: 0 errors, 5 warnings, 6 checks, 9 lines checked

NOTE: For some of the reported defects, checkpatch may be able to
      mechanically convert to the typical style using --fix or --fix-inplace.

./tmp.EfiDkiSq0Q//home/fedora/lkml-analysis/lkml/0/patch.offset.0000437279.commit.8e73d15569f5a0577a8fa73f87817b476f68864f has style problems, please review.

NOTE: If any of the errors are false positives, please report
      them to the maintainer, see CHECKPATCH in MAINTAINERS.
